com\torryharris\BackEndSample\controller\CourseController.class
com\torryharris\BackEndSample\controller\FeedbackController.class
com\torryharris\BackEndSample\Service\Course\CourseService.class
com\torryharris\BackEndSample\Entity\Feedback.class
com\torryharris\BackEndSample\Repository\PerformanceTrackingRepository.class
com\torryharris\BackEndSample\Entity\PerformanceTracking.class
com\torryharris\BackEndSample\Service\Tag\TagServiceImpl.class
com\torryharris\BackEndSample\Repository\TagRepository.class
com\torryharris\BackEndSample\Service\CandidateResults\CandidateResultsServiceImpl.class
com\torryharris\BackEndSample\Entity\CandidateResults.class
com\torryharris\BackEndSample\controller\CourseStatusController.class
com\torryharris\BackEndSample\controller\HomeController.class
com\torryharris\BackEndSample\Service\Assessment\AssessmentServiceImpl.class
com\torryharris\BackEndSample\Entity\CourseStatus.class
com\torryharris\BackEndSample\Service\AssessmentQuestion\AssessmentQuestionService.class
com\torryharris\BackEndSample\Service\CourseStatus\CourseStatusServiceImpl.class
com\torryharris\BackEndSample\Service\Feedback\FeedbackService.class
com\torryharris\BackEndSample\controller\PerformanceTrackingController.class
com\torryharris\BackEndSample\Repository\CandidateResultsRepository.class
com\torryharris\BackEndSample\Repository\UserRepository.class
com\torryharris\BackEndSample\Service\CandidateResults\CandidateResultsService.class
com\torryharris\BackEndSample\Repository\FeedbackRepository.class
com\torryharris\BackEndSample\Service\Tag\TagService.class
com\torryharris\BackEndSample\Service\CourseStatus\CourseStatusService.class
com\torryharris\BackEndSample\Entity\AssessmentResult.class
com\torryharris\BackEndSample\controller\AdminController.class
com\torryharris\BackEndSample\Entity\CourseContent.class
com\torryharris\BackEndSample\SchedulingConfiguration.class
com\torryharris\BackEndSample\controller\TagController.class
com\torryharris\BackEndSample\Repository\CourseRepository.class
com\torryharris\BackEndSample\Smtp_Mail.class
com\torryharris\BackEndSample\Service\User\UserServiceImpl.class
com\torryharris\BackEndSample\Repository\AssessmentResultRepository.class
com\torryharris\BackEndSample\Service\Assessment\AssessmentService.class
com\torryharris\BackEndSample\Service\PerformanceTracking\PerformanceTrackingService.class
com\torryharris\BackEndSample\controller\AssessmentController.class
com\torryharris\BackEndSample\controller\AssessmentResultController.class
com\torryharris\BackEndSample\Service\PerformanceTracking\PerformanceTrackingServiceImpl.class
com\torryharris\BackEndSample\Entity\Course.class
com\torryharris\BackEndSample\Service\AssessmentResult\AssessmentResultServiceImpl.class
com\torryharris\BackEndSample\Service\User\UserService.class
com\torryharris\BackEndSample\controller\OTPVerificationRequest.class
com\torryharris\BackEndSample\Entity\Tag.class
com\torryharris\BackEndSample\Service\Feedback\FeedbackServiceImpl.class
com\torryharris\BackEndSample\Service\CourseContent\CourseContentService.class
com\torryharris\BackEndSample\Service\AssessmentResult\AssessmentResultService.class
com\torryharris\BackEndSample\controller\CandidateController.class
com\torryharris\BackEndSample\Repository\AssessmentRepository.class
com\torryharris\BackEndSample\Repository\AssessmentQuestionRepository.class
com\torryharris\BackEndSample\Repository\CourseContentRepository.class
com\torryharris\BackEndSample\Service\CourseContent\CourseContentServiceImpl.class
com\torryharris\BackEndSample\Entity\User.class
com\torryharris\BackEndSample\controller\AdminRestController.class
com\torryharris\BackEndSample\controller\AssessmentQuestionController.class
com\torryharris\BackEndSample\controller\UserController.class
com\torryharris\BackEndSample\LearningManagementSystem.class
com\torryharris\BackEndSample\LearningManagementSystem$1.class
com\torryharris\BackEndSample\Service\AssessmentQuestion\AssessmentQuestionServiceImpl.class
com\torryharris\BackEndSample\Entity\Assessment.class
com\torryharris\BackEndSample\controller\CandidateRestController.class
com\torryharris\BackEndSample\Entity\AssessmentQuestion.class
com\torryharris\BackEndSample\Service\Course\CourseServiceImpl.class
com\torryharris\BackEndSample\controller\CandidateResultsController.class
com\torryharris\BackEndSample\Repository\CourseStatusRepository.class
com\torryharris\BackEndSample\controller\CourseContentController.class
