C:\Users\Prasath kumar\Desktop\Backend\src\main\java\com\torryharris\BackEndSample\Service\Assessment\AssessmentService.java
C:\Users\Prasath kumar\Desktop\Backend\src\main\java\com\torryharris\BackEndSample\controller\CourseContentController.java
C:\Users\Prasath kumar\Desktop\Backend\src\main\java\com\torryharris\BackEndSample\Service\Feedback\FeedbackServiceImpl.java
C:\Users\Prasath kumar\Desktop\Backend\src\main\java\com\torryharris\BackEndSample\Entity\Course.java
C:\Users\Prasath kumar\Desktop\Backend\src\main\java\com\torryharris\BackEndSample\Entity\PerformanceTracking.java
C:\Users\Prasath kumar\Desktop\Backend\src\main\java\com\torryharris\BackEndSample\Service\CourseStatus\CourseStatusService.java
C:\Users\Prasath kumar\Desktop\Backend\src\main\java\com\torryharris\BackEndSample\Repository\CourseContentRepository.java
C:\Users\Prasath kumar\Desktop\Backend\src\main\java\com\torryharris\BackEndSample\controller\CandidateRestController.java
C:\Users\Prasath kumar\Desktop\Backend\src\main\java\com\torryharris\BackEndSample\Service\Tag\TagService.java
C:\Users\Prasath kumar\Desktop\Backend\src\main\java\com\torryharris\BackEndSample\controller\CourseController.java
C:\Users\Prasath kumar\Desktop\Backend\src\main\java\com\torryharris\BackEndSample\Entity\Feedback.java
C:\Users\Prasath kumar\Desktop\Backend\src\main\java\com\torryharris\BackEndSample\controller\AssessmentResultController.java
C:\Users\Prasath kumar\Desktop\Backend\src\main\java\com\torryharris\BackEndSample\Service\Course\CourseServiceImpl.java
C:\Users\Prasath kumar\Desktop\Backend\src\main\java\com\torryharris\BackEndSample\Repository\AssessmentQuestionRepository.java
C:\Users\Prasath kumar\Desktop\Backend\src\main\java\com\torryharris\BackEndSample\controller\PerformanceTrackingController.java
C:\Users\Prasath kumar\Desktop\Backend\src\main\java\com\torryharris\BackEndSample\Repository\CandidateResultsRepository.java
C:\Users\Prasath kumar\Desktop\Backend\src\main\java\com\torryharris\BackEndSample\controller\AssessmentQuestionController.java
C:\Users\Prasath kumar\Desktop\Backend\src\main\java\com\torryharris\BackEndSample\controller\CandidateController.java
C:\Users\Prasath kumar\Desktop\Backend\src\main\java\com\torryharris\BackEndSample\Service\PerformanceTracking\PerformanceTrackingServiceImpl.java
C:\Users\Prasath kumar\Desktop\Backend\src\main\java\com\torryharris\BackEndSample\Service\User\UserService.java
C:\Users\Prasath kumar\Desktop\Backend\src\main\java\com\torryharris\BackEndSample\Entity\CourseContent.java
C:\Users\Prasath kumar\Desktop\Backend\src\main\java\com\torryharris\BackEndSample\Repository\CourseStatusRepository.java
C:\Users\Prasath kumar\Desktop\Backend\src\main\java\com\torryharris\BackEndSample\Service\Course\CourseService.java
C:\Users\Prasath kumar\Desktop\Backend\src\main\java\com\torryharris\BackEndSample\Service\AssessmentQuestion\AssessmentQuestionServiceImpl.java
C:\Users\Prasath kumar\Desktop\Backend\src\main\java\com\torryharris\BackEndSample\Service\CandidateResults\CandidateResultsService.java
C:\Users\Prasath kumar\Desktop\Backend\src\main\java\com\torryharris\BackEndSample\Service\User\UserServiceImpl.java
C:\Users\Prasath kumar\Desktop\Backend\src\main\java\com\torryharris\BackEndSample\controller\AdminController.java
C:\Users\Prasath kumar\Desktop\Backend\src\main\java\com\torryharris\BackEndSample\Entity\CandidateResults.java
C:\Users\Prasath kumar\Desktop\Backend\src\main\java\com\torryharris\BackEndSample\controller\AdminRestController.java
C:\Users\Prasath kumar\Desktop\Backend\src\main\java\com\torryharris\BackEndSample\controller\AssessmentController.java
C:\Users\Prasath kumar\Desktop\Backend\src\main\java\com\torryharris\BackEndSample\LearningManagementSystem.java
C:\Users\Prasath kumar\Desktop\Backend\src\main\java\com\torryharris\BackEndSample\Service\AssessmentQuestion\AssessmentQuestionService.java
C:\Users\Prasath kumar\Desktop\Backend\src\main\java\com\torryharris\BackEndSample\Service\CourseContent\CourseContentServiceImpl.java
C:\Users\Prasath kumar\Desktop\Backend\src\main\java\com\torryharris\BackEndSample\Service\Feedback\FeedbackService.java
C:\Users\Prasath kumar\Desktop\Backend\src\main\java\com\torryharris\BackEndSample\Repository\UserRepository.java
C:\Users\Prasath kumar\Desktop\Backend\src\main\java\com\torryharris\BackEndSample\Entity\AssessmentResult.java
C:\Users\Prasath kumar\Desktop\Backend\src\main\java\com\torryharris\BackEndSample\controller\CandidateResultsController.java
C:\Users\Prasath kumar\Desktop\Backend\src\main\java\com\torryharris\BackEndSample\Service\PerformanceTracking\PerformanceTrackingService.java
C:\Users\Prasath kumar\Desktop\Backend\src\main\java\com\torryharris\BackEndSample\Service\Tag\TagServiceImpl.java
C:\Users\Prasath kumar\Desktop\Backend\src\main\java\com\torryharris\BackEndSample\controller\CourseStatusController.java
C:\Users\Prasath kumar\Desktop\Backend\src\main\java\com\torryharris\BackEndSample\Service\Assessment\AssessmentServiceImpl.java
C:\Users\Prasath kumar\Desktop\Backend\src\main\java\com\torryharris\BackEndSample\Service\AssessmentResult\AssessmentResultService.java
C:\Users\Prasath kumar\Desktop\Backend\src\main\java\com\torryharris\BackEndSample\Service\CandidateResults\CandidateResultsServiceImpl.java
C:\Users\Prasath kumar\Desktop\Backend\src\main\java\com\torryharris\BackEndSample\Repository\TagRepository.java
C:\Users\Prasath kumar\Desktop\Backend\src\main\java\com\torryharris\BackEndSample\controller\HomeController.java
C:\Users\Prasath kumar\Desktop\Backend\src\main\java\com\torryharris\BackEndSample\Entity\Assessment.java
C:\Users\Prasath kumar\Desktop\Backend\src\main\java\com\torryharris\BackEndSample\Repository\FeedbackRepository.java
C:\Users\Prasath kumar\Desktop\Backend\src\main\java\com\torryharris\BackEndSample\controller\TagController.java
C:\Users\Prasath kumar\Desktop\Backend\src\main\java\com\torryharris\BackEndSample\Entity\CourseStatus.java
C:\Users\Prasath kumar\Desktop\Backend\src\main\java\com\torryharris\BackEndSample\Entity\User.java
C:\Users\Prasath kumar\Desktop\Backend\src\main\java\com\torryharris\BackEndSample\Smtp_Mail.java
C:\Users\Prasath kumar\Desktop\Backend\src\main\java\com\torryharris\BackEndSample\controller\FeedbackController.java
C:\Users\Prasath kumar\Desktop\Backend\src\main\java\com\torryharris\BackEndSample\Repository\CourseRepository.java
C:\Users\Prasath kumar\Desktop\Backend\src\main\java\com\torryharris\BackEndSample\Service\AssessmentResult\AssessmentResultServiceImpl.java
C:\Users\Prasath kumar\Desktop\Backend\src\main\java\com\torryharris\BackEndSample\Entity\Tag.java
C:\Users\Prasath kumar\Desktop\Backend\src\main\java\com\torryharris\BackEndSample\Service\CourseContent\CourseContentService.java
C:\Users\Prasath kumar\Desktop\Backend\src\main\java\com\torryharris\BackEndSample\Service\CourseStatus\CourseStatusServiceImpl.java
C:\Users\Prasath kumar\Desktop\Backend\src\main\java\com\torryharris\BackEndSample\controller\UserController.java
C:\Users\Prasath kumar\Desktop\Backend\src\main\java\com\torryharris\BackEndSample\Repository\AssessmentResultRepository.java
C:\Users\Prasath kumar\Desktop\Backend\src\main\java\com\torryharris\BackEndSample\Entity\AssessmentQuestion.java
C:\Users\Prasath kumar\Desktop\Backend\src\main\java\com\torryharris\BackEndSample\Repository\AssessmentRepository.java
C:\Users\Prasath kumar\Desktop\Backend\src\main\java\com\torryharris\BackEndSample\Repository\PerformanceTrackingRepository.java
